

                          DISK USAGE REPORT
                               All Gans

Previous Run Date & Time : 15 MAR 93      14:25
Present  Run Date & Time : 21 JUN 93      10:20
Old File Date            :  1 JUN 92
File Storage is Shown in Pages

    USER               CURRENT     PREVIOUS    DIFFERENCE   OLD
----------------------------------------------------------------------
*1BATCH                1763        1746          17        1295
*6NEWS                 1952        1952           0        1952
ACCG1                  1544        1544           0        1140
ACHASE                    4           4           0           0
ACT10                     0           0           0           0
ACTGTYM                   0           0           0           0
ACTGTYMA                 95          95           0          95
ACTGTYMX               1047        1047           0        1047
ACTRTY                 1013         929          84          78
ALAVELLE                  0           0           0           0
ALPS                      4           4           0           0
AMARYLND                  6           6           0           6
ANALYSIS                270         270           0         228
ANNARBOR                312         312           0         304
APALIUCA                  2           2           0           0
ARICHARDSON              45          44           1          12
AROSS                     2           2           0           2
ASIAPAC                   0           0           0           0
ASIU                      2           2           0           2
ATTEND.DEV             2008        2008           0        1869
AUTODIST                616         616           0         616
AWYATT                    0           0           0           0
BDOWLEY                   0           0           0           0
BILLF                     8           8           0           6
BILLING10              4167        4165           2        3923
BOBH                    636         636           0         528
BOFADMIN               1142        1142           0        1142
BSTALING                244         244           0         240
BTCANADA                  0           0           0           0
BTIPROF                   2           2           0           0
BUDGET                    0           0           0           0
BUELNAJ                1697        1305         392          65
BURNS1               146492      302740     -156248          83
BURRIESCIN                0           0           0           0
BWELSH                  208         208           0         208
BWORKMAN                471         471           0         441
BYUEN                     0           0           0           0
CAISIX                    0           0           0           0
CARL                   4460        2964        1496        2491
CAROTHERS              1407        1885        -478        1022
CHSIAO                    0           0           0           0
CKOCIOLEK                81          81           0          81
CNFE                   4569        4566           3        3428
CORPAYROLL             1418        ----        ----           0
CRABBS                 2020       21125      -19105        1973
CRASH                     1           1           0           1
CSS800                  356         356           0         354
CTS                    2107        1775         332        1213
CTSFORD                6752       24830      -18078          35
CUD10                   291         291           0         235
CWINTER                   0           0           0           0
CYOUNGER                130         130           0         130
DANIELSR               4845        2345        2500         917
DAULTON                  53          53           0          26
DB212                     0           0           0           0
DB214                     0           0           0           0
DBAMIKE                5357        5351           6        5158
DBARBER                   0           0           0           0
DBCNFE                    2           2           0           2
DBCSERV                   2           2           0           0
DBENG                     0           0           0           0
DBENGA                 2368        2368           0        2228
DBIBS                     0           0           0           0
DBITS                     2           2           0           0
DBMAN                    33          33           0          33
DBNSSC                    2           2           0           0
DBNTS                     2           2           0           2
DBPORTS                   2           2           0           0
DBSCHED               13802       13802           0       12676
DBTAR                     3           3           0           1
DBTARIFF               2432        2432           0        1007
DBTLC                     2           2           0           2
DBTMP                     7           7           0           7
DBTNSC                    2           2           0           2
DBWCNI                    0           0           0           0
DDREW                   172         142          30           2
DECNET                   83          83           0          83
DEVPDP                    0           0           0           0
DHOFFMAN                  2           2           0           0
DHUME                     0           0           0           0
DIALTECH                  0           0           0           0
DKINGLND                  0           0           0           0
DMOULTON                383         383           0         245
DNDSPEC                5260        5260           0        3324
DNDUTIL                 566         566           0         546
DOYLEM                    0           0           0           0
DREEDER                 249         254          -5         103
DRHODES                 289         289           0         289
DTROL                    37          37           0          37
DYOUNG                   34          34           0          34
EASTLINE               7128        7128           0          59
EDIMKTG                  16          16           0          16
EDIROCK                  21          21           0           0
EDPROD                  181         181           0         151
EIANIERI                  0           0           0           0
EMORI                     6           6           0           6
ENFE                   3983        3981           2        3603
ENGNTRACK                 6           6           0           6
EODA                   1177        1204         -27         326
ETAM                     34          34           0           1
ETSVA                    48          48           0           0
FBUCHEGGER                0           0           0           0
FCANNING               1637        2308        -671         112
FCHAN                     0           0           0           0
FERRISK                   0       38573      -38573           0
FLMTECH                   0           0           0           0
FNOYER                  259         259           0         154
FRANK                   166         163           3          76
FTHANE                    2           2           0           2
FTMAGNUM               4503        4503           0        3384
FTSYS                  2610        2610           0        2455
FTTBA                   399         399           0         192
GBARLOW                 318         318           0         316
GBOUZERDAN                5           5           0           2
GHUDSON                   0           0           0           0
GHWANG                    9           8           1           0
GL.DATA                 799         798           1         740
GLEDGER                   0           0           0           0
GMASTERS                 69          69           0           0
GNSSPT                    4           4           0           4
GWASOWSKI                 0           0           0           0
GWEBB                     5           5           0           0
HADNOT                    0           0           0           0
HAMIK                   897         897           0           2
HEMECKER                  9           9           0           9
HFFIT                     0           0           0           0
HIGASHI                   0           0           0           0
HMNGAN                   63          63           0          49
HOFFMANN                  0           0           0           0
HOLD                   1431        1413          18           0
HORTONJ                   0           0           0           0
HQTECH.TIP              919         919           0           0
INFO                    208         208           0         183
INFORMATION              32          32           0          30
INTACT                    7           7           0           3
INTLACCTG              1644        1644           0        1644
INTLINFO               1295        1295           0        1257
IRIDOUT                   0           0           0           0
ISIS                   2660        2660           0        2660
ISIS2                   332         332           0         332
ISISDOC                 854         854           0         363
ISISFILES                 0           0           0           0
ISISPCM                   0           0           0           0
JAMMERMANN              339         320          19          60
JBARGANIER                0           0           0           0
JBENA                     1           1           0           0
JBLOOM                    1           1           0           0
JCARRICK                  0           0           0           0
JCLMIN                   38          38           0          21
JDELGADO                  0           0           0           0
JGOLIGHTLY                0           0           0           0
JHANNAH                   0           0           0           0
JJOELS                 1909        1647         262        1459
JKIBELE                   0           0           0           0
JLAW                      0           0           0           0
JLMORARD                  0           0           0           0
JMAGNAN                  75          75           0          73
JMILLER                 203         203           0         168
JMINTEL                   0           0           0           0
JMS                    4493        3445        1048         847
JOLEARY                 382         366          16         152
JSORCI                    0           0           0           0
JSTEVENS                  0           0           0           0
JWAGNER                1701        1701           0         522
KCAIN                     0           0           0           0
KPATEL                    0           0           0           0
KSPARKES                  0           0           0           0
LASALES                 531         506          25         201
LAWRENCE                  0           0           0           0
LDAVENPORT                0           0           0           0
LFULLER                   0           0           0           0
LHERTLER                  0           0           0           0
LINK10                 3832        3832           0        3776
LKING                     0           0           0           0
LNGUYEN                  29          29           0           0
LWOLF                    11          11           0           0
LYNASK                    0           0           0           0
M33                    3565        3005         560         747
MAGNUM                 3818        3818           0        2412
MAIL                   1213         792         421           2
MARCOMM                   0           0           0           0
MARNETT                   0           0           0           0
MCDONALD                  0           0           0           0
MDEACY                    0           0           0           0
MDESIMONE                 4           0           4           0
MDISES                  214         214           0           0
MERICKSON                 2           2           0           0
MHOYLES                  37          37           0          35
MIDAS                     0           0           0           0
MISDOC                 1290        1276          14         909
MISTAPE                3158        3134          24        3094
MJACOBS                 408         408           0         327
MKHELLAF               1896        1896           0        1524
MKTGINFO               4937        4937           0        4860
MKTGTOOLS                 0           0           0           0
MLABINE                   2           2           0           2
MNEWTON                 168         168           0          23
MNICHOLS               2669        2680         -11        1738
MOORING                 231         976        -745          98
MPL                    3024        1398        1626         828
MREEVES                  27          27           0          27
MRINDGE                  68          68           0          68
MSANAL                 1153        1153           0        1135
MSEDSEL                4693        4693           0        4546
MSINFORM                 14          14           0          14
MSL                    1236        1236           0        1201
MSNEDDON                  0           0           0           0
MSNTRACK              23443       30668       -7225        3369
MSOTELCO                  0           0           0           0
MSREPORT                664         664           0         659
MSS                    2853        2916         -63        2366
MTHURBER                 62          62           0          60
NADM                     79        ----        ----           0
NCSALES                1400         347        1053           0
NEATECH                1183        1183           0        1131
NEEDLEDATA            82287       75567        6720        5574
NET1STAGE                 0           0           0           0
NET21010                 16          16           0          16
NET21030                 14          14           0          14
NET21060                 14          14           0          14
NET21070                  0           0           0           0
NET21080                 14          14           0          14
NET21090                 14          14           0          14
NET21110                  4           4           0           4
NET21120                  2           2           0           2
NET21140                  2           2           0           2
NET21150                  2           2           0           2
NET21160                  2           2           0           2
NET21170                  2           2           0           2
NET21180                  2           2           0           2
NET21200                  2           2           0           2
NET21290                  2           2           0           2
NET21540                  2           2           0           2
NET21550                  2           2           0           2
NET21580                  0           0           0           0
NET26800                  0           0           0           0
NET26810                  0           0           0           0
NET26820                  0           0           0           0
NET26830                  0           0           0           0
NET26840                  0           0           0           0
NET26850                  0           0           0           0
NET26870                  0           0           0           0
NET33600                  0           0           0           0
NET33610                  0           0           0           0
NET33620                  0           0           0           0
NET34010                  2           2           0           2
NET34030                  2           2           0           2
NET34040                  2           2           0           2
NET34050                  0           0           0           0
NET34060                  0           0           0           0
NET34080                  0           0           0           0
NET34160                  0           0           0           0
NET34170                  0           0           0           0
NET34200                  2           2           0           2
NET34210                 14          14           0          14
NET34220                 14          14           0          14
NET34230                  2           2           0           2
NET34250                  4           4           0           4
NET34310                 14          14           0          14
NET34320                  0           0           0           0
NET34330                  2           2           0           2
NET34340                  0           0           0           0
NET34350                  2           2           0           2
NET34370                  2           2           0           2
NET34390                  2           2           0           2
NET34400                 14          14           0          14
NET34410                 14          14           0          14
NET34420                 14          14           0          14
NET34421                  0           0           0           0
NET34430                 14          14           0          14
NET34440                 14          14           0          14
NET34450                 14          14           0          14
NET34460                  2           2           0           2
NET34480                  2           2           0           2
NET34490                  4           4           0           4
NET34500                  2           2           0           2
NET34510                  2      2           0           2
NET34520                  2           2           0           2
NET34550                  0           0           0           0
NET34560                  0           0           0           0
NET34570                  0           0           0           0
NET34580                  0           0           0           0
NET34590                  0           0           0           0
NET34610                  0           0           0           0
NET34630                  0           0           0           0
NET34640                  0           0           0           0
NET35900                  0           0           0           0
NET35920                  0           0           0           0
NET35930                  0           0           0           0
NET35950                  0           0           0           0
NET35960                  0           0           0           0
NET40950                  4           4           0           4
NET40960                  4           4           0           4
NET40990                  0           0           0           0
NET41000                  4           4           0           4
NET41020                 14          14           0          14
NET41023                  0           0           0           0
NET41030                 14          14           0          14
NET41040                  4           4           0           4
NET41050                  2           2           0           2
NET41060                  2           2           0           2
NET41180                  0           0           0           0
NET41360                  0           0           0           0
NET45000                  0           0           0           0
NET4502                   0           0           0           0
NET45030                  0           0           0           0
NET45040                  0           0           0           0
NET46300                  0           0           0           0
NET46310                  0           0           0           0
NET46320                  0           0           0           0
NET46330                  0           0           0           0
NET46340                  0           0           0           0
NET50210                  0           0           0           0
NET50320                  0           0           0           0
NET50360                  0           0           0           0
NET52080                  2           2           0           2
NETALERT                194         194           0         140
NETCON                 4052        4052           0        2561
NETDATA               10497       10497           0         334
NETDB                    40       70891      -70851           0
NETDVDOC               1251        1251           0        1228
NETENG                 7658        7441         217        5508
NETENTRY                  0           0           0           0
NETQC                   325         325           0         305
NETSNY                   12          10           2           0
NETSTAT             1147949      953397      194552        3357
NETSTAT2             194722         104      194618           0
NEWPRT                 2936        2936           0          37
NEWSALES                  0           0           0           0
NGREGORY                  0           0           0           0
NISCNET                1026        1026           0        1026
NSCNET                  314         314           0         151
NSMITH                    4           4           0           0
NSSC                   1101        1028          73         537
NSSU                      0           0           0           0
NTRACKDATA            23566       21233        2333         397
NTRACKPROGS            1583        1583           0        1539
NTS                   10377       10375           2        8238
NVALLY                32873        ----        ----           0
NYDISTRICT             1061        1061           0        1061
NYKSALES                  0           0           0           0
OCSALES                 126         110          16          42
OHSALES                   0           0           0           0
OLDPDP                    0           0           0           0
OPER                   6914           4        6910           0
OSMAN                  1780         413        1367         286
OSP                     203         203           0         203
OSU                     249         249           0         249
PALS                     63          63           0          58
PAYROLL                  69          64           5          40
PAYROLLCORP            1418        1405          13        1078
PAYROLTYM             21752       20832         920           0
PCOURSEY                  0           0           0           0
PEAK                    766         313         453         184
PERPOPER                691         690           1           2
PERSTATS              14158       14158           0       11137
PGRADE                    0      248355     -248355           0
PJ                      220         220           0         190
PLUE                   1183        1183           0        1168
PNETS                   695         695           0         695
PORTSDLY               5468        5468           0        2725
PRODNET                  15          15           0          15
PROGBK                 9043        9043           0        9007
PSD27351                  2           2           0           2
PSD28020                  0           0           0           0
PSD29500                  2           2           0           2
PSD37330                  0           0           0           0
PSD37400                  2           2           0           2
PSD47200                  2           2           0           2
PSD57301                  2           2           0           2
PSEAH                     0           0           0           0
PUB                       0           0           0           0
QASYS                     0           0           0           0
RAMCON                    0           0           0           0
RAMMIS                    0           0           0           0
RAMMON                    0           0           0           0
RAMOPS                    0           0           0           0
RASMUSSE                 68          68           0          22
RCHAN                     0           0           0           0
RCHUN                  2677        2677           0        2677
RDONOSO                   0           0           0           0
RESTONSE                  0           0           0           0
RFISHER                 108          68          40           6
RJK                     361         361           0          93
RKLUTE                  186         186           0         148
RMARTINEZ                 6           6           0           6
RMCFARLAND                9          15          -6           0
RNIELSEN                  0           0           0           0
RODRIGUEZL               78          78           0          78
ROY                       0         213        -213           0
RVIVIER                 484         484           0         442
SAILIB                  611         593          18         421
SALENC                 1384         415         969           6
SBCONVERT                 0           0           0           0
SBOYDSTON                 0           0           0           0
SCHOU                   150         150           0         117
SCSALES                 327         327           0         298
SDSPROGS               1960        1960           0        1958
SERVBILLDEV               0           0           0           0
SFALKOWS                516         414         102          40
SILVAM                 2029        2027           2         170
SIRTITAS                465         465           0         217
SKIM                    381         378           3         340
SLEUNG                    0           0           0           0
SMCKINSEY                 0           0           0           0
SMURPHY                  12          12           0           1
SOFTDOC                 521         521           0         447
SORRELL                   2           2           0           0
SPL                    1297        1297           0        1095
SPOOL                   606         796        -190         282
SPOOLING                  0           0           0           0
SPOOLRM                 166         163           3         109
SPOPPE                    0           0           0           0
SPPARCH                 176         176           0         176
SPPOPER                 302         245          57         194
SRA                     573        1219        -646           0
SRAMOV                   91          91           0          87
SRATECH                 416         416           0         414
SRAUTIL                  93          62          31          29
SRAVAL                   60          60           0          35
SSBACKUP                253         253           0         253
SSEREP                  689         689           0         689
SSETO                    62         538        -476          15
SSINSTALL               230         230           0         230
SSPAMBIN                 12          12           0           8
SSPAMSYM                367         367           0         367
SSUM                      9           9           0           7
SSUTIL                   58          58           0          58
SSVALSUP                263         263           0         263
STEINISM                  0           0           0           0
SUBMIT                 4117        3888         229        3052
SULLIVAN               1058         915         143           0
SWARTZM                   0           0           0           0
SWASHAK                   2           2           0           2
SWNET                    79          79           0           0
SYS                   39562       38551        1011       24593
SYSDAT                24708       24708           0       24643
SYSNEWS                 500         500           0         500
TAPELIB                   0           0           0           0
TARFDMS                5180        5180           0        5180
TBATLIB                 768         768           0         744
TDFTECH                 976         976           0         959
TECHSERV               2531        2466          65           0
TECHTRAIN               496         496           0         485
TELCOBILL            175584      118507       57077           0
TELCODBS              12726       12726           0       12726
TGOMEZ                  356         356           0         349
TKOCHMANN              3663        3663           0        1687
TLAI                      0           0           0           0
TMACCARONE                0           0           0           0
TNSM                    217         217           0           2
TOPS                  27568       27568           0       23577
TPENNIMAN                 1           1           0           1
TRANSW                    0           0           0           0
TRUCONTROL                0           0           0           0
TSAMPSON                 16          16           0          16
TSNNET                 3378        3378           0        3325
TYM20030                  0           0           0           0
TYM20050                  0           0           0           0
TYM20090                  0           0           0           0
TYM20100                  0           0           0           0
TYM20120                  4           4           0           4
TYM20220                  0           0           0           0
TYM20250                  0           0           0           0
TYM21000                  0           0           0           0
TYM21040                 14          14           0          14
TYM21050                  0           0           0           0
TYM21100                  0           0           0           0
TYM21130                  0           0           0           0
TYM21190                  0           0           0           0
TYM21210                  0           0           0           0
TYM21220                  0           0           0           0
TYM21230                  0           0           0           0
TYM21240                  0        ----        ----           0
TYM21250                  0        ----        ----           0
TYM21270                  0           0           0           0
TYM21510                  0           0           0           0
TYM21520                  0           0           0           0
TYM21530                  0           0           0           0
TYM21550                  0           0           0           0
TYM21560                  0           0           0           0
TYM21570                  2           2           0           2
TYM21580                  0           0           0           0
TYM21590                  0           0           0           0
TYM21700                  0           0           0           0
TYM21710                  0           0           0           0
TYM21720                  0           0           0           0
TYM21730                  0           0           0           0
TYM21740                  0           0           0           0
TYM21770                  0           0           0           0
TYM21810                  0           0           0           0
TYM21820                  0           0           0           0
TYM21830                  0           0           0           0
TYM21840                  0           0           0           0
TYM21850                  0           0           0           0
TYM21860                  0           0           0           0
TYM21870                  0           0           0           0
TYM21880                  0           0           0           0
TYM21890                  0           0           0           0
TYM21900                  0           0           0           0
TYM21910                  0           0           0           0
TYM22110                  4           4           0           4
TYM22120                  0           0           0           0
TYM22130                  0           0           0           0
TYM23050                  0           0           0           0
TYM23110                  4           4           0           4
TYM23120                  0           0           0           0
TYM23130                  0           0           0           0
TYM23140                  0           0           0           0
TYM23150                  0           0           0           0
TYM24000                  0           0           0           0
TYM25060                  0           0           0           0
TYM26010                  0           0           0           0
TYM26030                  4           4           0           4
TYM26200                  0           0           0           0
TYM26590                  0           0           0           0
TYM26600                  0           0           0           0
TYM26610                  0           0           0           0
TYM26620                  0           0           0           0
TYM26630                  0           0           0           0
TYM26660                  0           0           0           0
TYM26690                  0           0           0           0
TYM26790                  0           0           0           0
TYM26900                  0           0           0           0
TYM26910                  0           0           0           0
TYM26920                  0           0           0           0
TYM26930                  0           0           0           0
TYM26940                  0           0           0           0
TYM27100                  0           0           0           0
TYM27150                  0           0           0           0
TYM27160                  0           0           0           0
TYM27170                  0           0           0           0
TYM27180                  0           0           0           0
TYM27200                  0           0           0           0
TYM27210                  0           0           0           0
TYM27220                  0           0           0           0
TYM27250                  0           0           0           0
TYM27280                  0           0           0           0
TYM27300                  0           0           0           0
TYM27310                  0           0           0           0
TYM27320                  0           0           0           0
TYM27330                  0           0           0           0
TYM27350                  0           0           0           0
TYM27360                  0           0           0           0
TYM28120                  0           0           0           0
TYM28210                  0           0           0           0
TYM28320                  0           0           0           0
TYM33500                  0           0           0           0
TYM33550                  0           0           0           0
TYM33560                  0           0           0           0
TYM33570                  0           0           0           0
TYM33580                  0        ----        ----           0
TYM33700                  0           0           0           0
TYM33710                  0           0           0           0
TYM33720                  0           0           0           0
TYM33730                  0           0           0           0
TYM33740                  0           0           0           0
TYM33750                  0           0           0           0
TYM33760                  0           0           0           0
TYM33770                  0           0           0           0
TYM33780                  0           0           0           0
TYM33790                  0           0           0           0
TYM33800                  0           0           0           0
TYM33810                  0           0           0           0
TYM33900                  0           0           0           0
TYM33910                  0           0           0           0
TYM33920                  0           0           0           0
TYM33930                  0           0           0           0
TYM33950                  0           0           0           0
TYM33960                  0           0           0           0
TYM33970                  0           0           0           0
TYM33980                  0           0           0           0
TYM33990                  0           0           0           0
TYM34000                  0           0           0           0
TYM34010                  0           0           0           0
TYM34020                  0           0           0           0
TYM34050                  0           0           0           0
TYM34060                  0           0           0           0
TYM34070                  0           0           0           0
TYM34080                  0           0           0           0
TYM34090                  0           0           0           0
TYM34100                  0           0           0           0
TYM34110                  0           0           0           0
TYM34120                  0           0           0           0
TYM34130                  0           0           0           0
TYM34140                  0           0           0           0
TYM34150                  0           0           0           0
TYM34160                  0           0           0           0
TYM34170                  0           0           0           0
TYM34180                  0           0           0           0
TYM34190                  0           0           0           0
TYM34240                  0           0           0           0
TYM34300                  0           0           0           0
TYM34340                  0           0           0           0
TYM34380                  0        ----        ----           0
TYM34440                  0           0           0           0
TYM34470                  0           0           0           0
TYM34480                  0           0           0           0
TYM34490                  0           0           0           0
TYM34530                  0           0           0           0
TYM34540                  0           0           0           0
TYM34560                  0           0           0           0
TYM34600                  0           0           0           0
TYM34700                  0        ----        ----           0
TYM34900                  0           0           0           0
TYM34950                  0           0           0           0
TYM34960                  0           0           0           0
TYM34970                  0           0           0           0
TYM34990                  0           0           0           0
TYM35000                  0           0           0           0
TYM35010                  0           0           0           0
TYM35020                  0           0           0           0
TYM35030                  0           0           0           0
TYM35040                  0           0           0           0
TYM35050                  0        ----        ----           0
TYM35060                  0           0           0           0
TYM35100                  0           0           0           0
TYM35200                  0           0           0           0
TYM35250                  0           0           0           0
TYM35300                  0           0           0           0
TYM35310                  0           0           0           0
TYM35400                  0           0           0           0
TYM35450                  0           0           0           0
TYM35490                  0           0           0           0
TYM35500                  0           0           0           0
TYM35510                  0           0           0           0
TYM35520                  0           0           0           0
TYM35530                  0           0           0           0
TYM35540                  0           0           0           0
TYM35550                  0           0           0           0
TYM35560                  0           0           0           0
TYM35570                  0           0           0           0
TYM35580                  0           0           0           0
TYM35590                  0           0           0           0
TYM35600                  0           0           0           0
TYM35610                  0           0           0           0
TYM35620                  0        ----        ----           0
TYM35630                  0        ----        ----           0
TYM35640                  0           0           0           0
TYM35650                  0           0           0           0
TYM35700                  0           0           0           0
TYM35710                  0           0           0           0
TYM35720                  0           0           0           0
TYM35730                  0           0           0           0
TYM35740                  0           0           0           0
TYM35750                  0           0           0           0
TYM35770                  0        ----        ----           0
TYM35800                  0           0           0           0
TYM35810                  0           0           0           0
TYM35820                  0           0           0           0
TYM35830                  0           0           0           0
TYM35840                  0           0           0           0
TYM35850                  0           0           0           0
TYM35920                  0           0           0           0
TYM35930                  0           0           0           0
TYM35950                  0           0           0           0
TYM35990                  0           0           0           0
TYM36040                  0           0           0           0
TYM36200                  0           0           0           0
TYM36700                  0           0           0           0
TYM36710                  0           0           0           0
TYM36720                  0           0           0           0
TYM36730                  0           0           0           0
TYM36740                  0           0           0           0
TYM36750                  0           0           0           0
TYM36760                  0        ----        ----           0
TYM36770                  0        ----        ----           0
TYM36800                  0           0           0           0
TYM36810                  0           0           0           0
TYM36820                  0           0           0           0
TYM36830                  0           0           0           0
TYM36840                  0           0           0           0
TYM36850                  0           0           0           0
TYM36900                  0           0           0           0
TYM36910                  0           0           0           0
TYM36920                  0           0           0           0
TYM36930                  0           0           0           0
TYM37600                  0           0           0           0
TYM38200                  0           0           0           0
TYM40100                  0        ----        ----           0
TYM40190                  2           2           0           2
TYM40310                  0           0           0           0
TYM40320                  0           0           0           0
TYM40330                  0           0           0           0
TYM40340                  2           2           0           2
TYM40350                  2           2           0           2
TYM40360                  2           2           0           2
TYM40370                  0           0           0           0
TYM40380                  0           0           0           0
TYM40390                  2           2           0           2
TYM40400                  0           0           0           0
TYM40410                  2           2           0           2
TYM40430                  2           2           0           2
TYM40440                  0           0           0           0
TYM40450                  0           0           0           0
TYM40460                  0           0           0           0
TYM40470                  0           0           0           0
TYM40480                  0           0           0           0
TYM40620                  0           0           0           0
TYM40630                  0           0           0           0
TYM40640                  0           0           0           0
TYM40890                  0           0           0           0
TYM40900                  0           0           0           0
TYM40910                  0           0           0           0
TYM40920                  0           0           0           0
TYM40930                  0           0           0           0
TYM40940                  0           0           0           0
TYM40980                  0           0           0           0
TYM40990                  0           0           0           0
TYM41010                  0           0           0           0
TYM41030                  0           0           0           0
TYM41040                  0           0           0           0
TYM41070                  0           0           0           0
TYM41130                  0           0           0           0
TYM41150                  0           0           0           0
TYM41160                  0           0           0           0
TYM41170                  0           0           0           0
TYM41180                  0           0           0           0
TYM41190                  0           0           0           0
TYM41200                  0           0           0           0
TYM41210                  0           0           0           0
TYM41220                  0           0           0           0
TYM41230                  0           0           0           0
TYM41240                  0           0           0           0
TYM41250                  0           0           0           0
TYM41260                  0           0           0           0
TYM41270                  0           0           0           0
TYM41280                  0           0           0           0
TYM41290                  0           0           0           0
TYM41300                  0           0           0           0
TYM41310                  0           0           0           0
TYM41320                  0           0           0           0
TYM41330                  0           0           0           0
TYM41340                  2           2           0           2
TYM41350                  0           0           0           0
TYM41360                  0           0           0           0
TYM42300                  0           0           0           0
TYM42350                  0           0           0           0
TYM42370                  0           0           0           0
TYM42410                  0           0           0           0
TYM42420                  0           0           0           0
TYM42430                  0           0           0           0
TYM42450                  0           0           0           0
TYM42460                  0           0           0           0
TYM42470                  0           0           0           0
TYM42480                  0           0           0           0
TYM42510                  0           0           0           0
TYM42520                  0           0           0           0
TYM42530                  0           0           0           0
TYM42550                  0           0           0           0
TYM42560                  0           0           0           0
TYM42570                  0           0           0           0
TYM42580                  0           0           0           0
TYM42590                  0           0           0           0
TYM42610                  0           0           0           0
TYM42620                  0           0           0           0
TYM42630                  0           0           0           0
TYM42650                  0           0           0           0
TYM42660                  0           0           0           0
TYM42740                  0           0           0           0
TYM42750                  0           0           0           0
TYM42780                  0           0           0           0
TYM42830                  0           0           0           0
TYM42840                  0           0           0           0
TYM42860                  0           0           0           0
TYM42870                  0           0           0           0
TYM42880                  0           0           0           0
TYM42890                  0           0           0           0
TYM45030                  0           0           0           0
TYM46200                  0           0           0           0
TYM46220                  0           0           0           0
TYM46230                  0           0           0           0
TYM46240                  0           0           0           0
TYM47220                  0           0           0           0
TYM47230                  0           0           0           0
TYM47240                  0           0           0           0
TYM47250                  0           0           0           0
TYM49500                  0           0           0           0
TYM50040                  4           4           0           4
TYM50090                  4           4           0           4
TYM50100                  0           0           0           0
TYM50110                  0           0           0           0
TYM50120                  0           0           0           0
TYM50130                  0           0           0           0
TYM50140                  4           4           0           4
TYM50150                  0           0           0           0
TYM50160                  0           0           0           0
TYM50190                  0           0           0           0
TYM50200                  0           0           0           0
TYM50220                  4           4           0           4
TYM50230                  4           4           0           4
TYM50240                  4           4           0           4
TYM50250                  0           0           0           0
TYM50260                  4           4           0           4
TYM50270                  4           4           0           4
TYM50280                  0           0           0           0
TYM50290                  0           0           0           0
TYM50300                  2           2           0           2
TYM50310                  2           2           0           2
TYM50320                  0           0           0           0
TYM50330                  0           0           0           0
TYM50340                  2           2           0           2
TYM50350                  2           2           0           2
TYM50360                  0           0           0           0
TYM50370                  0           0           0           0
TYM50380                  0           0           0           0
TYM50390                  0           0           0           0
TYM50400                  0           0           0           0
TYM50410                  0           0           0           0
TYM50420                  0           0           0           0
TYM50440                  0           0           0           0
TYM50450                  0           0           0           0
TYM50460                  0           0           0           0
TYM50470                  0           0           0           0
TYM50500                  0        ----        ----           0
TYM50510                  0           0           0           0
TYM50520                  0        ----        ----           0
TYM50530                  0        ----        ----           0
TYM50600                  0           0           0           0
TYM50610                  0           0           0           0
TYM51000                  4           4           0           4
TYM51010                  0        ----        ----           0
TYM51020                  4           4           0           4
TYM51050                  4           4           0           4
TYM51060                  4           4           0           4
TYM52020                  0           0           0           0
TYM52050                  0           0           0           0
TYM54190                  0           0           0           0
TYM54320                  0           0           0           0
TYM54430                  0           0           0           0
TYM54500                  0           0           0           0
TYM54510                  0           0           0           0
TYM54520                  0           0           0           0
TYM54530                  0           0           0           0
TYM54540                  0           0           0           0
TYM54550                  0           0           0           0
TYM54820                  0           0           0           0
TYM54900                  0           0           0           0
TYM55210                  0           0           0           0
TYM55220                  0           0           0           0
TYM56150                  0           0           0           0
TYM56190                  0        ----        ----           0
TYM56200                  0           0           0           0
TYM56210                  0           0           0           0
TYM56220                  0           0           0           0
TYM56230                  0        ----        ----           0
TYM56240                  0           0           0           0
TYM56250                  0           0           0           0
TYM56260                  0           0           0           0
TYM56290                  0           0           0           0
TYM56300                  0           0           0           0
TYM56310                  0           0           0           0
TYM56320                  0           0           0           0
TYM56330                  0           0           0           0
TYM56350                  0           0           0           0
TYM56380                  0           0           0           0
TYM56390                  0           0           0           0
TYM56400                  0           0           0           0
TYM56410                  0           0           0           0
TYM56420                  0           0           0           0
TYM57140                  0           0           0           0
TYM64000                  0           0           0           0
TYM70000                  0           0           0           0
TYM71000                  0        ----        ----           0
TYM71100                  0           0           0           0
TYM71110                  0           0           0           0
TYM71120                  0           0           0           0
TYM71130                  0        ----        ----           0
TYM71200                  0        ----        ----           0
TYM71300                  0        ----        ----           0
TYM71400                  0        ----        ----           0
TYM71440                  0        ----        ----           0
TYM71600                  0        ----        ----           0
TYM71700                  0        ----        ----           0
TYM71800                  0        ----        ----           0
TYM72000                  0        ----        ----           0
TYM72100                  0        ----        ----           0
TYM72200                  0        ----        ----           0
TYM72220                  0           0           0           0
TYM72300                  0           0           0           0
TYM72320                  0           0           0           0
TYM72330                  0           0           0           0
TYM72340                  0           0           0           0
TYM72350                  0           0           0           0
TYM72360                  0           0           0           0
TYM72370                  0           0           0           0
TYM72400                  0           0           0           0
TYM72410                  0           0           0           0
TYM72420                  0           0           0           0
TYM72430                  0           0           0           0
TYM72440                  0           0           0           0
TYM72450                  0           0           0           0
TYM72460                  0           0           0           0
TYM72500                  0           0           0           0
TYM72600                  0        ----        ----           0
TYM72700                  0        ----        ----           0
TYM73100                  0           0           0           0
TYM73200                  0           0           0           0
TYM73210                  0           0           0           0
TYM73250                  0           0           0           0
TYM73300                  0           0           0           0
TYM73310                  0           0           0           0
TYM73470                  0           0           0           0
TYM73500                  0           0           0           0
TYM73720                  0           0           0           0
TYM73730                  0           0           0           0
TYM73740                  0           0           0           0
TYM73800                  0           0           0           0
TYM74000                  0           0           0           0
TYM75000                  0           0           0           0
TYM75200                  0        ----        ----           0
TYM75300                  0        ----        ----           0
TYM75400                  0           0           0           0
TYM75500                  0        ----        ----           0
TYM75600                  0        ----        ----           0
TYM75800                  0        ----        ----           0
TYM76000                  0           0           0           0
TYM76100                  0        ----        ----           0
TYM76200                  0        ----        ----           0
TYM77000                  0           0           0           0
TYM77100                  0        ----        ----           0
TYM77200                  0        ----        ----           0
TYM77220                  0        ----        ----           0
TYM77230                  0        ----        ----           0
TYM77250                  0        ----        ----           0
TYM77300                  0        ----        ----           0
TYM77400                  0        ----        ----           0
TYM77600                  0        ----        ----           0
TYM78000                  0           0           0           0
TYM78100                  0        ----        ----           0
TYM78200                  0        ----        ----           0
TYM78300                  0        ----        ----           0
TYM78400                  0        ----        ----           0
TYM78500                  0        ----        ----           0
TYM79900                  0        ----        ----           0
TYM80000                  0           0           0           0
TYM80010                  0           0           0           0
TYMDATA               12687       12687           0        4900
TYML4520                  0           0           0           0
TYML7510                  0           0           0           0
TYML7530                  0           0           0           0
TYML7880                  0           0           0           0
TYML9800                  0           0           0           0
TYML9840                  0           0           0           0
TYMNET                10463        7259        3204        2963
TYMRES                  116         116           0         116
TYMRES5                   0           0           0           0
TYMX2000                  0           0           0           0
TYMX2060                  0           0           0           0
TYMX2120                  0           0           0           0
UAS                    1763        1763           0        1307
UFD                    3426        3374          52        3245
UIS                    4347        4341           6         392
UN1                    4228        3551         677           2
UPL                    7761        7761           0        7405
USCSALES                331         331           0         331
USEVAL                    0           0           0           0
UTIL                   2276        2276           0        1914
VALIDATE                 79          79           0          79
WALDEN                    0           0           0           0
WAR                     105         105           0          95
WATECH                  668         594          74           4
WESTBILL               6387        6387           0        6359
WNFE                    264         201          63          18
WRFS                     43          43           0          10
WRS                    4880        4880           0        4825
WSCHNEIDER                5           9          -4           0
WTHORPE                  33          33           0          33
WWOO                      0           0           0           0
X.PC                    122         122           0         122
XEXEC                   576         576           0         442
XMAGNUM                4409        4409           0        4178
YEUX                    347         347           0         347
----------------------------------------------------------------------
TOTALS              2312050     2357662      -79982      321780
----------------------------------------------------------------------

7uM