          370 HSA USE BY DIST/CUST FOR THE MONTH OF APRIL

DISTRICT             CUSTOMER                    HOURS       COST

  0                  5 TYMSHARE, INC.             1.53      13.77
  0                  6 TYMSHARE, INC.              .08        .68
DISTRICT TOTAL                                    1.61      14.45

  1                 10 TYMSHARE, INC.              .17       1.53
DISTRICT TOTAL                                     .17       1.53

  3                 17 TYMSHARE, INC.            34.62     311.54
  3               7668 TYMSHARE/UDC- DYNATA       3.75      33.74
DISTRICT TOTAL                                   38.36     345.28

 10              15913 MOHAWK DATA SERVICES      79.43     714.87
 10              16715 TECHNOLOGY DEVELOPME        .29       2.65
DISTRICT TOTAL                                   79.72     717.52

 41              23054 PACIFIC PAPERBOARD P        .19       1.70
DISTRICT TOTAL                                     .19       1.70

 51                 49 TYMSHARE, INC.              .06        .52
 51              15074 A.S. HANSEN INC.           1.07       9.66
DISTRICT TOTAL                                    1.13      10.18

 56              11262 SAMSONITE CORPORATIO        .95       8.57
 56              15746 SAMSONITE CORPORATIO        .71       6.42
DISTRICT TOTAL                                    1.67      14.99

 60               2114 PACIFIC PAPERBOARD P        .48       4.32
DISTRICT TOTAL                                     .48       4.32

 64              18260 ER CAPS GROUP (WASH)        .46       4.15
DISTRICT TOTAL                                     .46       4.15

 80                 83 TYMSHARE, INC.            14.65     131.82
 80              20372 BOSTON CONSULTING GR        .07        .59
 80              20537 TOWERS ,PERRIN , FOR        .09        .83
DISTRICT TOTAL                                   14.80     133.23

 81                 87 TYMSHARE, INC.            39.81     358.27
 81                583 AIRCO WELDING PRODUC        .89       7.98
 81               3118 PIRELLI CABLE CORPOR        .08        .73
DISTRICT TOTAL                                   40.78     366.99

 83              12193 PRATT & WHITNEY AIRC      10.16      91.48
 83              22397 PRATT AND WHITNEY AI       2.47      22.25
DISTRICT TOTAL                                   12.64     113.73

 90              24543 MCGRAW-HILL                 .08        .76
DISTRICT TOTAL                                     .08        .76

 92                 99 TYMSHARE, INC              2.78      25.03
 92              14459 FISHER & BROTHER INC        .37       3.35
 92              16961 INTERNATIONAL PAPER        3.61      32.48
DISTRICT TOTAL                                    6.76      60.87

 93               3332 MARINE MIDLAND BANK       33.40     300.57
 93               7803 ITEK CORPORATION            .08        .75
DISTRICT TOTAL                                   33.48     301.33

 94              24509 TOWERS, PERRIN, FOST        .19       1.73DISTRICT             CUSTOMER                    HOURS       COST

DISTRICT TOTAL                                     .19       1.73

 96              15755 ARTHUR ANDERSEN & CO        .84       7.58
 96              23325 ARTHUR YOUNG & CO.          .20       1.83
 96              23375 ARTHUR YOUNG & CO.          .04        .38
DISTRICT TOTAL                                    1.09       9.79

 99                102 TYMSHARE, INC.              .03        .25
 99              14868 SELLING AREA MARKETS       2.59      23.31
DISTRICT TOTAL                                    2.62      23.55

103                148 TYMSHARE, INC.            11.66     104.90
103              15766 U.S. DEPT OF TRANSPO       9.16      82.43
103              16267 U.S. DEPT OF TRANSPO       2.50      22.49
103              16326 U.S. DEPT OF TRANSPO       3.63      32.65
DISTRICT TOTAL                                   26.94     242.47

104              14791 NASA AMES RESEARCH C        .25       2.23
DISTRICT TOTAL                                     .25       2.23

106                875 ARMY CORPS OF ENGINE       2.53      22.78
106              11221 INTL BANK FOR RECONS       4.89      44.03
106              17417 ARMY CORPS OF ENGINE       9.73      87.54
DISTRICT TOTAL                                   17.15     154.35

110                153 TYMSHARE, INC.           131.28    1181.49
110               8710 ESMARK, INCORPORATED      17.19     154.68
DISTRICT TOTAL                                  148.46    1336.17

115               8020 A.C. NIELSEN CO.            .04        .34
115              21230 G.D.SEARLE & CO.           9.22      83.01
DISTRICT TOTAL                                    9.26      83.35

120               2447 WESTERN ELECTRIC CO.       1.43      12.91
DISTRICT TOTAL                                    1.43      12.91

126               7693 MALLINCKRODT               7.60      68.38
DISTRICT TOTAL                                    7.60      68.38

127              13948 WESTERN UNION TELEGR        .42       3.82
DISTRICT TOTAL                                     .42       3.82

130              11545 CUNNINGHAM & CO.           2.88      25.96
DISTRICT TOTAL                                    2.88      25.96

139               2572 CONSUMERS POWER COMP       4.27      38.41
DISTRICT TOTAL                                    4.27      38.41

148                 54 PLANMETRICS INC.          23.59     212.32
148               9442 MANAGEMENT DECISION      183.17    1648.56
DISTRICT TOTAL                                  206.76    1860.88

150              13219 TYMSHARE, INC.             2.52      22.69
150              18232 TYMSHARE, INC.            37.75     339.73
150              18731 TYMSHARE, INC             43.51     391.60
DISTRICT TOTAL                                   83.78     754.02

151              18733 TYMSHARE, INC             23.51     211.60
DISTRICT TOTAL                                   23.51     211.60

152              13205 TYMSHARE, INC.             4.69      42.24DISTRICT             CUSTOMER                    HOURS       COST

DISTRICT TOTAL                                    4.69      42.24

154                176 TYMSHARE, INC.             6.10      54.88
154              13217 TYMSHARE, INC.           167.32    1505.85
DISTRICT TOTAL                                  173.41    1560.73

155              13213 TYMSHARE, INC.            98.04     882.34
DISTRICT TOTAL                                   98.04     882.34

156                178 TYMSHARE, INC.             2.76      24.83
156              18732 TYMSHARE, INC            309.52    2785.68
DISTRICT TOTAL                                  312.28    2810.51

161                187 TYMSHARE, INC.           307.75    2769.75
DISTRICT TOTAL                                  307.75    2769.75

162               7442 UNITED DATA CENTERS,       7.24      65.13
DISTRICT TOTAL                                    7.24      65.13

164              13204 TYMSHARE, INC.            17.56     158.01
DISTRICT TOTAL                                   17.56     158.01

165              13206 TYMSHARE, INC.           167.43    1506.90
DISTRICT TOTAL                                  167.43    1506.90

166              13212 TYMSHARE, INC.             1.11       9.96
DISTRICT TOTAL                                    1.11       9.96

167                192 TYMSHARE, INC.              .07        .62
167              13214 TYMSHARE, INC.            43.91     395.18
DISTRICT TOTAL                                   43.98     395.81

171              13211 TYMSHARE, INC.            80.58     725.18
DISTRICT TOTAL                                   80.58     725.18

174              13220 UNITAX                   110.08     990.71
DISTRICT TOTAL                                  110.08     990.71

175              15915 TYMSHARE,INC.            331.89    2986.98
DISTRICT TOTAL                                  331.89    2986.98

201              13516 TYMNET, INC.                .11       1.01
DISTRICT TOTAL                                     .11       1.01

203              12470 TYMSHARE, INC. (TECH       1.91      17.20
DISTRICT TOTAL                                    1.91      17.20

240              18236 TYMSHARE FUNDS TRANS       6.34      57.07
DISTRICT TOTAL                                    6.34      57.07

250              15338 GARMAISE THOMSON & A        .61       5.51
250              23116 NORANDA MINES LIMITE       1.91      17.22
250              23905 J.I. CASE INC.              .04        .38
DISTRICT TOTAL                                    2.57      23.10


***GRAND TOTAL**                               2435.92   21923.29

    