


                               WATS USAGE REPORT
                                  BY DIVISION
                                 OCTOBER  1981


TCMS                     

     CUSNUM     CUSTOMER NAME                                        TIME USED



BRANCH   0


          5     TYMSHARE, INC.                                            :38



TOTAL TIME                                                                :38



                               WATS USAGE REPORT
                                  BY DIVISION
                                 OCTOBER  1981


Dynatax Development      

     CUSNUM     CUSTOMER NAME                                        TIME USED



BRANCH   3


       7668     TYMSHARE/UDC- DYNATAX DIVISION                           8:30
      17991     TYMSHARE,INC.                                            3:43



TOTAL TIME                                                              12:13



                               WATS USAGE REPORT
                                  BY DIVISION
                                 OCTOBER  1981


Finance                  

     CUSNUM     CUSTOMER NAME                                        TIME USED



BRANCH   2


          2     TYMSHARE, INC.                                           9:32
         21     TYMSHARE, INC.                                          19:11

BRANCH   3


      18708     TYMSHARE,INC                                              :25



TOTAL TIME                                                              29:08



                               WATS USAGE REPORT
                                  BY DIVISION
                                 OCTOBER  1981


Information Services     

     CUSNUM     CUSTOMER NAME                                        TIME USED



BRANCH   1


         10     TYMSHARE, INC.                                          11:40
      21271     TYMSHARE, INC.                                           7:16

BRANCH  11


         28     TYMSHARE, INC.                                           7:49


       6271     JACK N. HODGSON COMPANY                                   :21
       7530     RAINIER NATIONAL BANK                                     :44
      14862     ORE-IDA FOODS                                             :28
      18671     TRI-MET                                                  4:23
      27089     ST. VINCENT HOSPITAL                                      :09

BRANCH  12


      27362     POTLATCH CORPORATION                                      :10
      27601     NATOMAS COMPANY                                          5:14

BRANCH  16


      19830     PHELPS DODGE CORPORATION, WESTERN TRAFFIC DEPT.         19:11

BRANCH  22


      16016     TELCO RESEARCH CORPORATION                               1:53

BRANCH  26


        156     TYMSHARE, INC.                                           7:51
      15727     SOUTHWESTERN BELL                                       18:33


      20183     SOUTHWESTERN BELL TELEPHONE CO.                          4:07
      21745     MOUNTAIN BELL                                            7:14
      29768     MOUNTAIN BELL                                            1:07
      30393     SOUTHWESTERN BELL TELEPHONE COMPANY                       :04



                               WATS USAGE REPORT
                                  BY DIVISION
                                 OCTOBER  1981


      30520     BRITISH COLUMBIA TELEPHONE COMPANY                        :13
      30665     LACLEDE GAS COMPANY                                       :16

BRANCH  27


       5588     PRICE WATERHOUSE & CO.                                  85:53
      11263     HARRY LANKFORD CO.                                        :04
      15497     BOISE CASCADE CORP.                                       :51
      20057     EXXON - MONTEREY COAL                                     :03

BRANCH  42


      25030     TYMSHARE,INC.                                             :39


      24677     USPS(SR-M3Z60103)                                         :03
      25108     U.S. POSTAL SERVICE (WR)                                 6:40
      25687     U.S. POSTAL SERVICE (WR)                                15:27
      25688     U.S. POSTAL SERVICE (WR)                                18:44
      25692     U.S. POSTAL SERVICE (WR)                                 3:16
      25693     U.S. POSTAL SERVICE (WR)                                10:46
      25921     USPS(SR-P3A48251)                                         :02
      26062     USPS(SR-P3P00120)                                        2:32
      26068     U.S. POSTAL SERVICE (NER)                               26:48
      26109     U.S. POSTAL SERVICE (WR)                                  :07
      26127     U.S. POSTAL SERVICE (WR)                                  :10
      26709     U.S. POSTAL SERVICE (NER)                                 :43
      26748     U.S. POSTAL SERVICE (NER)                                 :02
      26826     U.S. POSTAL SERVICE (ER)                                  :01
      26981     U.S. POSTAL SERVICE (NER)                                4:25
      27682     U.S. POSTAL SERVICE (NER)                                6:17
      30345     U.S. POSTAL SERVICE (D5F80080  -  WR)                    3:13
      30498     U.S. POSTAL SERVICE (P4F43703)                           1:23

BRANCH  43


      23335     FCDSSA                                                   8:01

BRANCH  52


         50     TYMSHARE, INC.                                          29:44


      20991     NL WELL SERVICES                                         5:45
      21737     NL ATLAS BRADFORD                                         :02
      28058     INTERMEDICS                                              3:40
      28600     INTERMEDICS, INC.                                         :01



                               WATS USAGE REPORT
                                  BY DIVISION
                                 OCTOBER  1981


      30695     OLIN CHEMICALS CORPORATION                              20:56

BRANCH  54


         51     TYMSHARE INC.                                           33:21


       4425     COSMAR COMPANY                                            :43
       7839     EXXON CHEMICAL COMPANY USA                                :02
      15151     NATIONAL PLANNING CORPORATION                            1:31
      21669     FURLOW-PHILBECK ASSOCIATES, INC.                          :07
      24203     INTERNATIONAL PAPER COMPANY                             44:54
      28585     INTERNATIONAL PAPER COMPANY                              9:27
      28599     INTERNATIONAL PAPER COMPANY                             84:07
      29590     INTERNATIONAL PAPER COMPANY                              3:56
      29769     WESTVACO CHEMICAL DIVISION                               2:52
      30370     KERR-MCGEE CORPORATION                                   3:37
      30958     WESTVACO POLYCHEMICALS                                   1:01

BRANCH  56


        154     TYMSHARE, INC.                                            :13


       9119     NORTHWEST PIPELINE CORPORATION                           1:34

BRANCH  58


      24202     TENNECO OIL COMPANY                                      1:28
      25784     BETZ PROCESS CHEMICALS                                    :38
      27399     THE CHARTER INTERNATIONAL OIL COMPANY                    5:15

BRANCH  59


         55     TYMSHARE, INC.                                           3:33

BRANCH  61


         57     TYMSHARE, INC.                                            :22


       2694     CAPS-EAST GROUP                                           :07
      24094     CHROMALLOY AMERICAN CORP.                                 :19

BRANCH  62




                               WATS USAGE REPORT
                                  BY DIVISION
                                 OCTOBER  1981



      28840     NL ACME TOOL                                             4:52
      30290     UTAH POWER & LIGHT COMPANY                               3:44

BRANCH  63


        253     MWR CAPS GROUP                                           1:19

BRANCH  80


         83     TYMSHARE, INC.                                           8:18

BRANCH  81


      13161     BENDIX CORPORATION                                      18:36

BRANCH  83


      25896     CONNECTICUT GENERAL LIFE INSURANCE                       1:12

BRANCH  84


        101     TYMSHARE, INC.                                           6:36


      18199     US ARMY CORADCOM                                         5:08
      31197     CONSCO, INC.                                             2:22

BRANCH  90


         97     TYMSHARE, INC.                                            :02


      24010     BOISE CASCADE CORP.                                       :56

BRANCH  92


      27408     COLUMBIA UNIVERSITY DEVELOPMENT AND ALUMNI RELATI        4:07

BRANCH  93


       3346     POWER AUTHORITY                                         42:39




                               WATS USAGE REPORT
                                  BY DIVISION
                                 OCTOBER  1981


BRANCH  96


      19297     TYMSHARE, INC                                            1:09


       2462     ARTHUR YOUNG & CO.                                        :31
       6422     ARTHUR YOUNG & CO.                                        :16
       7575     TOUCHE ROSS & CO.                                        1:38
       7931     ARTHUR YOUNG AND COMPANY                                  :33
      17097     TOUCHE ROSS & CO.                                         :12
      19014     TOUCHE ROSS & CO.                                        1:56

BRANCH  97


      18011     TYMSHARE, INC.                                            :06


      18689     SELLING AREA MARKETS, INC.                                :14
      23129     THE NESTLE COMPANY                                       1:46
      30738     AMERICAN CAN COMPANY                                     1:42

BRANCH  99


        102     TYMSHARE, INC.                                            :14


      24716     A.M.A.                                                   7:14

BRANCH 102


      16858     ARMY CORPS OF ENGINEERS (OCE-MCC)                         :10

BRANCH 103


      16273     U.S. DEPT OF TRANSPORTATION                              9:25
      17188     U.S. DEPT OF TRANSPORTATION                               :25

BRANCH 106


      21728     SPECTRUM ASSOCIATES INC.                                 3:26

BRANCH 110


        153     TYMSHARE, INC.                                            :01



                               WATS USAGE REPORT
                                  BY DIVISION
                                 OCTOBER  1981




       8710     ESMARK, INCORPORATED                                      :07

BRANCH 112


        155     TYMSHARE, INC.                                         134:14


      17194     GENERAL MILLS                                            2:15
      17764     DELOITTE HASKINS & SELLS                                 3:11
      19318     ECONOMICS LABORATORIES INC.                               :01
      23330     FIRST BANK SYSTEMS                                        :02
      24488     LITTON MICROWAVE                                          :20
      30537     FARMERS UNION CENTRAL EXCHANGE                            :06

BRANCH 114


        157     TYMSHARE, INC.                                           1:22


      15357     MILLER BREWING COMPANY                                   2:24

BRANCH 119


        159     TYMSHARE, INC.                                           9:44

BRANCH 120


       2447     WESTERN ELECTRIC CO.                                    27:15
      14911     WESTERN ELECTRIC                                         3:10
      17985     WESTERN ELECTRIC CO.                                     1:31
      17989     WESTERN ELECTRIC CO.                                      :05
      24001     WESTERN ELECTRIC CO.                                     1:30

BRANCH 121


        161     TYMSHARE, INC                                           10:53


      17979     WESTERN ELECTRIC CO.                                      :54

BRANCH 124


       5237     WESTERN ELECTRIC CO.                                    41:17



                               WATS USAGE REPORT
                                  BY DIVISION
                                 OCTOBER  1981


       5934     INDIANA BELL TEL CO                                      4:24
       5938     MOUNTAIN BELL TEL. CO.                                   2:05
       5945     NEW ENGLAND TELEPHONE CO.                                6:28
       5949     NORTHWESTERN BELL TEL. CO.                               3:18
       5953     SOUTH CENTRAL BELL TEL.CO.                                :12
       5961     SOUTHERN BELL TEL & TEL                                  4:50
       5973     SOUTHWESTERN BELL TEL. CO.                                :13
       5975     SOUTHWESTERN BELL TEL. CO.                               1:37

BRANCH 127


      28882     SPACECOM COMPANY                                          :21

BRANCH 129


       5977     NEW ENGLAND TELEPHONE CO.                                 :33
       6012     SOUTHWESTERN BELL TEL. CO.                               1:34
      30845     AT&T CO.                                                 5:41

BRANCH 130


      12926     ERNST & WHINNEY                                           :14

BRANCH 131


      12464     ERNST & WHINNEY                                           :21
      19584     MEAD CORPORATION                                          :06

BRANCH 133


      20173     TRANSETTLEMENTS, INC.                                     :09

BRANCH 134


      17160     KNIGHT-RIDDER                                            3:14
      17786     HARRIS ELECTRONICS SYSTEMS DIVISION                      5:48

BRANCH 144


      24096     INFORMATION BUILDERS, INC.                               7:47

BRANCH 148





                               WATS USAGE REPORT
                                  BY DIVISION
                                 OCTOBER  1981


       2504     MANUFACTURING DATA SYSTEMS                             133:11
       6557     MANAGEMENT DECISION SYSTEMS                              1:03



TOTAL TIME                                                            1108:27



                               WATS USAGE REPORT
                                  BY DIVISION
                                 OCTOBER  1981


Tymshare Medical Sys.    

     CUSNUM     CUSTOMER NAME                                        TIME USED



BRANCH 173


      16867     TYMSHARE, INC.                                          19:37


      18279     PHELPS MEMORIAL HOSPITAL                                  :56
      20428     ROXBOROUGH MEMORIAL HOSPITAL                             9:11
      23130     NEWARK BETH ISRAEL MEDICAL CENTER                      107:56
      25021     WHITE PLAINS HOSPITAL                                    3:40
      25115     NBIDRG                                                   5:31
      28050     RIVERVIEW HOSPITAL                                       3:48
      28052     VALLEY HOSPITAL                                        106:28
      28873     VALLEY HOSPITAL                                          1:47
      29436     RIVERVIEW HOSPITAL                                       1:52



TOTAL TIME                                                             260:46



                               WATS USAGE REPORT
                                  BY DIVISION
                                 OCTOBER  1981


Product Development      

     CUSNUM     CUSTOMER NAME                                        TIME USED



BRANCH   3


      14144     TYMSHARE, INC                                          146:12



TOTAL TIME                                                             146:12



                               WATS USAGE REPORT
                                  BY DIVISION
                                 OCTOBER  1981


Professional Servces     

     CUSNUM     CUSTOMER NAME                                        TIME USED



BRANCH 150


      13219     TYMSHARE, INC.                                            :34

BRANCH 152


      16184     SMITH DUKES & BUCKALEW, CPA'S                             :03

BRANCH 155


        177     TYMSHARE, INC.                                           3:14
      13213     TYMSHARE, INC.                                           1:41

BRANCH 156


        178     TYMSHARE, INC.                                           1:45
      18732     TYMSHARE, INC                                           12:03


      15704     MC CLAIN & COMPANY                                        :56
      27413     BAMBERG, SUPERSTEIN & ASSOCIATES                          :08

BRANCH 157


        179     TYMSHARE, INC.                                            :17
      18731     TYMSHARE, INC                                             :22

BRANCH 159


      18232     TYMSHARE, INC.                                            :21

BRANCH 162


       7442     UNITED DATA CENTERS, INC.                             1012:24

BRANCH 164





                               WATS USAGE REPORT
                                  BY DIVISION
                                 OCTOBER  1981


        189     TYMSHARE, INC.                                            :22

   18441     MURPHEY JENNE & JONES                                     :12
      20449     BECKER, HERRICK & CO. INC.                                :54
      22525     ANDERSON & WHITNEY                                        :17
      23906     FOX & COMPANY                                             :07
      24571     ABKO PROPERTIES                                           :01

BRANCH 165


        190     TYMSHARE, INC.                                           2:48
      13206     TYMSHARE, INC.                                          56:04


      21356     WILLIAMS & CO                                             :30
      22965     D. D. PYLE CO.                                            :14
      27016     OLSON, KNUTSON & COMPANY                                  :04

BRANCH 166


      13212     TYMSHARE, INC.                                           3:25


        191     TYMSHARE, INC.                                           3:36

BRANCH 167


      13214     TYMSHARE, INC.                                            :09

BRANCH 168


      20454     TYMSHARE, INC                                             :48

BRANCH 171


      13211     TYMSHARE, INC.                                           1:11


      27047     O'SHAUGHNESSY & COMPANY                                   :10

BRANCH 174


        196     TYMSHARE, INC.                                            :04




                               WATS USAGE REPORT
                                  BY DIVISION
                                 OCTOBER  1981


BRANCH 175


      15915     TYMSHARE,INC.                                            2:40

BRANCH 178


      30363     TYMSHARE                                                  :05


      30844     JESS PARRISH MEMORIAL HOSPITAL                          12:26



TOTAL TIME                                                            1119:55



                               WATS USAGE REPORT
                                  BY DIVISION
                                 OCTOBER  1981


Technical Services       

     CUSNUM     CUSTOMER NAME                                        TIME USED



BRANCH   3


          3     TYMSHARE, INC.                                           1:11
          8     TYMSHARE, INC.                                           3:39



TOTAL TIME                                                               4:50



                               WATS USAGE REPORT
                                  BY DIVISION
                                 OCTOBER  1981


Integrated Systems       

     CUSNUM     CUSTOMER NAME                                        TIME USED



BRANCH 172


      13640     INTERNATIONAL EXECUTIVE SERVICE                          4:55
      14094     CORPORATE TRAVEL SERVICE, INC.                            :28
      17687     DAVIS AGENCY - ARL                                        :15
      18008     TYMSHARE, INC.                                            :11


      15639     DAVIS AGENCY - ARL                                       5:48



TOTAL TIME                                                              11:37



                               WATS USAGE REPORT
                                  BY DIVISION
                                 OCTOBER  1981


Tymnet                   

     CUSNUM     CUSTOMER NAME                                        TIME USED



BRANCH 201





                               WATS USAGE REPORT
                                  BY DIVISION
                                 OCTOBER  1981


Tymnet                   

     CUSNUM     CUSTOMER NAME                                        TIME USED



BRANCH 201


      13516     TYMNET, INC.                                             5:48



TOTAL TIME                                                              11:37
     ed